Application bundle generation failed. [9.869 seconds] - 2026-02-19T16:35:00.358Z

node.exe : 
[1m[31m[31mX [41;31m[
[41;97mERROR[41;31m][0m 
[1mTS2339: Property 
'Math' does not exist on 
type 'AttendancePageCompon
ent'.[0m 
[1m[35m[plugin 
angular-compiler][0m
At C:\Users\mohit\AppData\
Roaming\npm\ng.ps1:24 
char:5
+     & "node$exe"  "$base
dir/node_modules/@angular/
cli/bin/ng.js" $arg ...
+     ~~~~~~~~~~~~~~~~~~~~
~~~~~~~~~~~~~~~~~~~~~~~~~~
~~~~~~~~~~~~~~~~~~~
    + CategoryInfo        
      : NotSpecified: (  
  [1m[31m[31mX...r-co   
 mpiler][0m:String) [    
], RemoteException
    + FullyQualifiedError 
   Id : NativeCommandErr  
  or
 

    src/app/components/att
endance-page/attendance-pa
ge.component.html:88:31:
[37m      88 Γöé         
                    {{ [3
2mMath[37m.round(subject.
present/subject....
         Γò╡              
                  
[32m~~~~[0m

  Error occurs in the 
template of component 
AttendancePageComponent.

    src/app/components/att
endance-page/attendance-pa
ge.component.ts:28:17:
[37m      28 Γöé     
templateUrl: [32m'./atten
dance-page.component.html'
[37m,
         Γò╡              
    [32m~~~~~~~~~~~~~~~~~
~~~~~~~~~~~~~~~~~[0m


[31mX [41;31m[[41;97mER
ROR[41;31m][0m 
[1mTS2339: Property 
'location' does not exist 
on type 'Classmate'.[0m 
[1m[35m[plugin 
angular-compiler][0m

    src/app/components/cla
ssmates-page/classmates-pa
ge.component.html:162:104:
[37m      162 Γöé 
...font-bold 
text-slate-700 
truncate">{{ selectedStude
nt.[32mlocation[37m ||
          Γò╡             
                          
                   
[32m~~~~~~~~[0m

  Error occurs in the 
template of component 
ClassmatesPageComponent.

    src/app/components/cla
ssmates-page/classmates-pa
ge.component.ts:93:17:
[37m      93 Γöé     
templateUrl: [32m'./class
mates-page.component.html'
[37m,
         Γò╡              
    [32m~~~~~~~~~~~~~~~~~
~~~~~~~~~~~~~~~~~[0m


[31mX [41;31m[[41;97mER
ROR[41;31m][0m 
[1mTS2339: Property 
'window' does not exist 
on type 
'LandingComponent'.[0m 
[1m[35m[plugin 
angular-compiler][0m

    src/app/components/lan
ding/landing.component.htm
l:34:53:
[37m      34 Γöé ...led" 
(click)="checkScroll(); [
32mwindow[37m.scrollTo({t
op: 0, behavior:...
         Γò╡              
                   
[32m~~~~~~[0m

  Error occurs in the 
template of component 
LandingComponent.

    src/app/components/lan
ding/landing.component.ts:
30:17:
[37m      30 Γöé     
templateUrl: [32m'./landi
ng.component.html'[37m,
         Γò╡              
    [32m~~~~~~~~~~~~~~~~~
~~~~~~~~~[0m

[39m[22m
