Application bundle generation failed. [8.910 seconds] - 2026-02-19T16:31:40.640Z

node.exe : 
[1m[31m[31mX [41;31m[
[41;97mERROR[41;31m][0m 
[1mNG2008: Could not 
find stylesheet file './ab
out.component.css'.[0m 
[1m[35m[plugin 
angular-compiler][0m
At C:\Users\mohit\AppData\
Roaming\npm\ng.ps1:24 
char:5
+     & "node$exe"  "$base
dir/node_modules/@angular/
cli/bin/ng.js" $arg ...
+     ~~~~~~~~~~~~~~~~~~~~
~~~~~~~~~~~~~~~~~~~~~~~~~~
~~~~~~~~~~~~~~~~~~~
    + CategoryInfo        
      : NotSpecified: (  
  [1m[31m[31mX...r-co   
 mpiler][0m:String) [    
], RemoteException
    + FullyQualifiedError 
   Id : NativeCommandErr  
  or
 

    src/app/components/abo
ut/about.component.ts:7:16
:
[37m      7 Γöé     
styleUrls: [[32m'./about.
component.css'[37m]
        Γò╡               
  [32m~~~~~~~~~~~~~~~~~~~
~~~~[0m


[31mX [41;31m[[41;97mER
ROR[41;31m][0m 
[1mNG2008: Could not 
find stylesheet file './as
signment-page.component.cs
s'.[0m [1m[35m[plugin 
angular-compiler][0m

    src/app/components/ass
ignment-page/assignment-pa
ge.component.ts:64:16:
[37m      64 Γöé     
styleUrls: [[32m'./assign
ment-page.component.css'[
37m],
         Γò╡              
   [32m~~~~~~~~~~~~~~~~~~
~~~~~~~~~~~~~~~[0m


[31mX [41;31m[[41;97mER
ROR[41;31m][0m 
[1mTS2339: Property 
'Math' does not exist on 
type 'AttendancePageCompon
ent'.[0m 
[1m[35m[plugin 
angular-compiler][0m

    src/app/components/att
endance-page/attendance-pa
ge.component.html:88:31:
[37m      88 Γöé         
                    {{ [3
2mMath[37m.round(subject.
present/subject....
         Γò╡              
                  
[32m~~~~[0m

  Error occurs in the 
template of component 
AttendancePageComponent.

    src/app/components/att
endance-page/attendance-pa
ge.component.ts:28:17:
[37m      28 Γöé     
templateUrl: [32m'./atten
dance-page.component.html'
[37m,
         Γò╡              
    [32m~~~~~~~~~~~~~~~~~
~~~~~~~~~~~~~~~~~[0m


[31mX [41;31m[[41;97mER
ROR[41;31m][0m 
[1mNG2008: Could not 
find stylesheet file './at
tendance-page.component.cs
s'.[0m [1m[35m[plugin 
angular-compiler][0m

    src/app/components/att
endance-page/attendance-pa
ge.component.ts:29:16:
[37m      29 Γöé     
styleUrls: [[32m'./attend
ance-page.component.css'[
37m],
         Γò╡              
   [32m~~~~~~~~~~~~~~~~~~
~~~~~~~~~~~~~~~[0m


[31mX [41;31m[[41;97mER
ROR[41;31m][0m 
[1mNG2008: Could not 
find stylesheet file './au
th-modal.component.css'.[
0m [1m[35m[plugin 
angular-compiler][0m

    src/app/components/aut
h-modal/auth-modal.compone
nt.ts:10:16:
[37m      10 Γöé     
styleUrls: [[32m'./auth-m
odal.component.css'[37m]
         Γò╡              
   [32m~~~~~~~~~~~~~~~~~~
~~~~~~~~~~[0m


[31mX [41;31m[[41;97mER
ROR[41;31m][0m 
[1mNG2008: Could not 
find stylesheet file './ch
at-bot.component.css'.[0m
 [1m[35m[plugin 
angular-compiler][0m

    src/app/components/cha
t-bot/chat-bot.component.t
s:18:16:
[37m      18 Γöé     
styleUrls: [[32m'./chat-b
ot.component.css'[37m]
         Γò╡              
   [32m~~~~~~~~~~~~~~~~~~
~~~~~~~~[0m


[31mX [41;31m[[41;97mER
ROR[41;31m][0m 
[1mTS2339: Property 
'location' does not exist 
on type 'Classmate'.[0m 
[1m[35m[plugin 
angular-compiler][0m

    src/app/components/cla
ssmates-page/classmates-pa
ge.component.html:162:104:
[37m      162 Γöé 
...font-bold 
text-slate-700 
truncate">{{ selectedStude
nt.[32mlocation[37m ||
          Γò╡             
                          
                   
[32m~~~~~~~~[0m

  Error occurs in the 
template of component 
ClassmatesPageComponent.

    src/app/components/cla
ssmates-page/classmates-pa
ge.component.ts:93:17:
[37m      93 Γöé     
templateUrl: [32m'./class
mates-page.component.html'
[37m,
         Γò╡              
    [32m~~~~~~~~~~~~~~~~~
~~~~~~~~~~~~~~~~~[0m


[31mX [41;31m[[41;97mER
ROR[41;31m][0m 
[1mNG2008: Could not 
find stylesheet file './cl
assmates-page.component.cs
s'.[0m [1m[35m[plugin 
angular-compiler][0m

    src/app/components/cla
ssmates-page/classmates-pa
ge.component.ts:94:16:
[37m      94 Γöé     
styleUrls: [[32m'./classm
ates-page.component.css'[
37m],
         Γò╡              
   [32m~~~~~~~~~~~~~~~~~~
~~~~~~~~~~~~~~~[0m


[31mX [41;31m[[41;97mER
ROR[41;31m][0m 
[1mNG2008: Could not 
find stylesheet file './co
ntact.component.css'.[0m 
[1m[35m[plugin 
angular-compiler][0m

    src/app/components/con
tact/contact.component.ts:
7:16:
[37m      7 Γöé     
styleUrls: [[32m'./contac
t.component.css'[37m]
        Γò╡               
  [32m~~~~~~~~~~~~~~~~~~~
~~~~~~[0m


[31mX [41;31m[[41;97mER
ROR[41;31m][0m 
[1mNG2008: Could not 
find stylesheet file './co
urses.component.css'.[0m 
[1m[35m[plugin 
angular-compiler][0m

    src/app/components/cou
rses/courses.component.ts:
12:16:
[37m      12 Γöé     
styleUrls: [[32m'./course
s.component.css'[37m]
         Γò╡              
   [32m~~~~~~~~~~~~~~~~~~
~~~~~~~[0m


[31mX [41;31m[[41;97mER
ROR[41;31m][0m 
[1mNG2008: Could not 
find stylesheet file './da
shboard-home.component.css
'.[0m [1m[35m[plugin 
angular-compiler][0m

    src/app/components/das
hboard-home/dashboard-home
.component.ts:12:16:
[37m      12 Γöé     
styleUrls: [[32m'./dashbo
ard-home.component.css'[3
7m]
         Γò╡              
   [32m~~~~~~~~~~~~~~~~~~
~~~~~~~~~~~~~~[0m


[31mX [41;31m[[41;97mER
ROR[41;31m][0m 
[1mNG2008: Could not 
find stylesheet file './da
shboard.component.css'.[0
m [1m[35m[plugin 
angular-compiler][0m

    src/app/components/das
hboard/dashboard.component
.ts:38:16:
[37m      38 Γöé     
styleUrls: [[32m'./dashbo
ard.component.css'[37m]
         Γò╡              
   [32m~~~~~~~~~~~~~~~~~~
~~~~~~~~~[0m


[31mX [41;31m[[41;97mER
ROR[41;31m][0m 
[1mNG2008: Could not 
find stylesheet file './fa
culty-page.component.css'.
[0m [1m[35m[plugin 
angular-compiler][0m

    src/app/components/fac
ulty-page/faculty-page.com
ponent.ts:80:16:
[37m      80 Γöé     
styleUrls: [[32m'./facult
y-page.component.css'[37m
],
         Γò╡              
   [32m~~~~~~~~~~~~~~~~~~
~~~~~~~~~~~~[0m


[31mX [41;31m[[41;97mER
ROR[41;31m][0m 
[1mNG2008: Could not 
find stylesheet file './fe
es-page.component.css'.[0
m [1m[35m[plugin 
angular-compiler][0m

    src/app/components/fee
s-page/fees-page.component
.ts:32:16:
[37m      32 Γöé     
styleUrls: [[32m'./fees-p
age.component.css'[37m],
         Γò╡              
   [32m~~~~~~~~~~~~~~~~~~
~~~~~~~~~[0m


[31mX [41;31m[[41;97mER
ROR[41;31m][0m 
[1mNG2008: Could not 
find stylesheet file './fo
oter.component.css'.[0m 
[1m[35m[plugin 
angular-compiler][0m

    src/app/components/foo
ter/footer.component.ts:10
:16:
[37m      10 Γöé     
styleUrls: [[32m'./footer
.component.css'[37m]
         Γò╡              
   [32m~~~~~~~~~~~~~~~~~~
~~~~~~[0m


[31mX [41;31m[[41;97mER
ROR[41;31m][0m 
[1mNG2008: Could not 
find stylesheet file './he
ro.component.css'.[0m 
[1m[35m[plugin 
angular-compiler][0m

    src/app/components/her
o/hero.component.ts:9:16:
[37m      9 Γöé     
styleUrls: [[32m'./hero.c
omponent.css'[37m]
        Γò╡               
  [32m~~~~~~~~~~~~~~~~~~~
~~~[0m


[31mX [41;31m[[41;97mER
ROR[41;31m][0m 
[1mTS2339: Property 
'window' does not exist 
on type 
'LandingComponent'.[0m 
[1m[35m[plugin 
angular-compiler][0m

    src/app/components/lan
ding/landing.component.htm
l:34:53:
[37m      34 Γöé ...led" 
(click)="checkScroll(); [
32mwindow[37m.scrollTo({t
op: 0, behavior:...
         Γò╡              
                   
[32m~~~~~~[0m

  Error occurs in the 
template of component 
LandingComponent.

    src/app/components/lan
ding/landing.component.ts:
30:17:
[37m      30 Γöé     
templateUrl: [32m'./landi
ng.component.html'[37m,
         Γò╡              
    [32m~~~~~~~~~~~~~~~~~
~~~~~~~~~[0m


[31mX [41;31m[[41;97mER
ROR[41;31m][0m 
[1mNG2008: Could not 
find stylesheet file './la
nding.component.css'.[0m 
[1m[35m[plugin 
angular-compiler][0m

    src/app/components/lan
ding/landing.component.ts:
31:16:
[37m      31 Γöé     
styleUrls: [[32m'./landin
g.component.css'[37m]
         Γò╡              
   [32m~~~~~~~~~~~~~~~~~~
~~~~~~~[0m


[31mX [41;31m[[41;97mER
ROR[41;31m][0m 
[1mNG2008: Could not 
find stylesheet file './no
tice-page.component.css'.
[0m [1m[35m[plugin 
angular-compiler][0m

    src/app/components/not
ice-page/notice-page.compo
nent.ts:15:16:
[37m      15 Γöé     
styleUrls: [[32m'./notice
-page.component.css'[37m]
,
         Γò╡              
   [32m~~~~~~~~~~~~~~~~~~
~~~~~~~~~~~[0m


[31mX [41;31m[[41;97mER
ROR[41;31m][0m 
[1mNG2008: Could not 
find stylesheet file './sc
ore-page.component.css'.[
0m [1m[35m[plugin 
angular-compiler][0m

    src/app/components/sco
re-page/score-page.compone
nt.ts:86:16:
[37m      86 Γöé     
styleUrls: [[32m'./score-
page.component.css'[37m],
         Γò╡              
   [32m~~~~~~~~~~~~~~~~~~
~~~~~~~~~~[0m


[31mX [41;31m[[41;97mER
ROR[41;31m][0m 
[1mNG2008: Could not 
find stylesheet file './st
ats.component.css'.[0m 
[1m[35m[plugin 
angular-compiler][0m

    src/app/components/sta
ts/stats.component.ts:10:1
6:
[37m      10 Γöé     
styleUrls: [[32m'./stats.
component.css'[37m]
         Γò╡              
   [32m~~~~~~~~~~~~~~~~~~
~~~~~[0m


[31mX [41;31m[[41;97mER
ROR[41;31m][0m 
[1mNG2008: Could not 
find stylesheet file './st
udy-material-page.componen
t.css'.[0m 
[1m[35m[plugin 
angular-compiler][0m

    src/app/components/stu
dy-material-page/study-mat
erial-page.component.ts:13
:16:
[37m      13 Γöé     
styleUrls: [[32m'./study-
material-page.component.cs
s'[37m]
         Γò╡              
   [32m~~~~~~~~~~~~~~~~~~
~~~~~~~~~~~~~~~~~~~[0m


[31mX [41;31m[[41;97mER
ROR[41;31m][0m 
[1mNG2008: Could not 
find stylesheet file './ti
metable-page.component.css
'.[0m [1m[35m[plugin 
angular-compiler][0m

    src/app/components/tim
etable-page/timetable-page
.component.ts:25:16:
[37m      25 Γöé     
styleUrls: [[32m'./timeta
ble-page.component.css'[3
7m],
         Γò╡              
   [32m~~~~~~~~~~~~~~~~~~
~~~~~~~~~~~~~~[0m


[31mX [41;31m[[41;97mER
ROR[41;31m][0m 
[1mNG2008: Could not 
find stylesheet file './to
do-list-page.component.css
'.[0m [1m[35m[plugin 
angular-compiler][0m

    src/app/components/tod
o-list-page/todo-list-page
.component.ts:19:16:
[37m      19 Γöé     
styleUrls: [[32m'./todo-l
ist-page.component.css'[3
7m],
         Γò╡              
   [32m~~~~~~~~~~~~~~~~~~
~~~~~~~~~~~~~~[0m


[31mX [41;31m[[41;97mER
ROR[41;31m][0m 
[1mNG2008: Could not 
find stylesheet file './up
coming-tests-page.componen
t.css'.[0m 
[1m[35m[plugin 
angular-compiler][0m

    src/app/components/upc
oming-tests-page/upcoming-
tests-page.component.ts:82
:16:
[37m      82 Γöé     
styleUrls: [[32m'./upcomi
ng-tests-page.component.cs
s'[37m],
         Γò╡              
   [32m~~~~~~~~~~~~~~~~~~
~~~~~~~~~~~~~~~~~~~[0m

[39m[22m
